Running performance evaluation...
Evaluating beacon performance...
0 0.042237420000039376
1 0.0455135385558305
2 0.045743244174349225
basket size: 5
recall, ndcg, hit: 0.04449806757673969 0.05623647970815573 0.19781718963165074
repeat-explore ratio: 0.0965893587994543 0.9034106412005456
repeat-explore recall 0.07986467683654667 0.04000389897414264
repeat-explore hit: 0.11698899108814553 0.1570104618722482
0 0.057257365442904315
1 0.06135126684239917
2 0.058556608113224766
basket size: 10
recall, ndcg, hit: 0.059055080132842754 0.06441638515078275 0.2595118993481886
repeat-explore ratio: 0.07092617856601485 0.9290738214339852
repeat-explore recall 0.10295676688391975 0.05342925424872331
repeat-explore hit: 0.15006240465777443 0.2094545580687662
0 0.10733613665653867
1 0.07205410548129201
2 0.08981581330647667
basket size: 10
recall, ndcg, hit: 0.0897353518147691 0.08113811725150495 0.27166666666666667
repeat-explore ratio: 0.10133333333333333 0.8986666666666667
repeat-explore recall 0.11791856957197644 0.07386193090910163
repeat-explore hit: 0.1872290016037299 0.2084340731204792
0 0.14039234023913583
1 0.1071288586111
2 0.12295965612258217
basket size: 20
recall, ndcg, hit: 0.12349361832427268 0.09461395358232814 0.3733333333333333
repeat-explore ratio: 0.07491666666666667 0.9250833333333333
repeat-explore recall 0.15376629353917587 0.10531020758135995
repeat-explore hit: 0.2563974771625837 0.3025305452439946
0 0.050360697204999756
1 0.05414414634699507
2 0.053030710557724306
basket size: 8
recall, ndcg, hit: 0.05251185136990638 0.06040996427735754 0.22920759659463
repeat-explore ratio: 0.06513998035363458 0.9348600196463654
repeat-explore recall 0.09321765342422306 0.04811358938596122
repeat-explore hit: 0.13304322962368956 0.18633900324930733
0 0.07434451872074661
1 0.0753222124415641
2 0.07442444725106807
basket size: 15
recall, ndcg, hit: 0.07469705947112626 0.07091170281805796 0.314505566470203
repeat-explore ratio: 0.049039511023793926 0.9509604889762061
repeat-explore recall 0.1205314731856687 0.06948742947948609
repeat-explore hit: 0.1720906825946272 0.2638311427391038
0 0.10270289773644467
1 0.09912453755963824
2 0.10464473782495952
basket size: 10
recall, ndcg, hit: 0.10215739104034748 0.095145949252674 0.29689754689754694
repeat-explore ratio: 0.10171957671957672 0.8982804232804232
repeat-explore recall 0.1435209873741207 0.07683416468361039
repeat-explore hit: 0.21229195880371218 0.221325186863817
0 0.14725673568689027
1 0.13753856545045917
2 0.14310351506755664
basket size: 20
recall, ndcg, hit: 0.14263293873496868 0.11050407546667118 0.39790764790764793
repeat-explore ratio: 0.07252886002886004 0.9274711399711398
repeat-explore recall 0.17345273061225439 0.12041211436219135
repeat-explore hit: 0.2651044386726539 0.3243951324256806
Evaluating dream performance...
0 0.043396693499012734
1 0.04884878145451133
2 0.04759745837508457
basket size: 5
recall, ndcg, hit: 0.04661431110953621 0.05760350779910567 0.2031226314991663
repeat-explore ratio: 0.08649386084583903 0.913506139154161
repeat-explore recall 0.06891337315500118 0.0439819759736682
repeat-explore hit: 0.10147945621017944 0.16813941319117476
0 0.06156911150089868
1 0.06736935062310233
2 0.06168703208266647
basket size: 10
recall, ndcg, hit: 0.06354183140222248 0.06687583675401476 0.2645141731089889
repeat-explore ratio: 0.05969380021221768 0.9403061997877824
repeat-explore recall 0.09085651018898816 0.06017087211121269
repeat-explore hit: 0.13379035577400863 0.2224145262769048
0 0.11865502093675269
1 0.08866098474394021
2 0.09804950077913474
basket size: 10
recall, ndcg, hit: 0.10178850215327588 0.08809449593803846 0.2783333333333333
repeat-explore ratio: 0.08716666666666666 0.9128333333333335
repeat-explore recall 0.11549569068269215 0.0886197186067912
repeat-explore hit: 0.17543936686089998 0.22603865096370232
0 0.14598954852328538
1 0.12570772779333336
2 0.13098958835165184
basket size: 20
recall, ndcg, hit: 0.13422895488942355 0.101239438710017 0.37916666666666665
repeat-explore ratio: 0.06783333333333334 0.9321666666666667
repeat-explore recall 0.15534651131749735 0.12104579438149714
repeat-explore hit: 0.24177899362655197 0.32450472666280655
0 0.052145242064200806
1 0.0526581241831733
2 0.053309423876712676
basket size: 8
recall, ndcg, hit: 0.05270426337469559 0.06021953414281602 0.22396856581532418
repeat-explore ratio: 0.05490749836280288 0.945092501637197
repeat-explore recall 0.07876550579090304 0.050106243135017575
repeat-explore hit: 0.11125613908163516 0.18863833891593274
0 0.0726264539869648
1 0.07099111731970278
2 0.07274869449476522
basket size: 15
recall, ndcg, hit: 0.0721220886004776 0.06950870416209408 0.2955140798952194
repeat-explore ratio: 0.04362584588517791 0.9563741541148222
repeat-explore recall 0.11266137853228024 0.06779357151530581
repeat-explore hit: 0.15703314381268715 0.25036935706726365
0 0.1176851936328124
1 0.11103118428779435
2 0.1102060092200041
basket size: 10
recall, ndcg, hit: 0.11297412904687028 0.10090240977473458 0.2974987974987975
repeat-explore ratio: 0.08757816257816257 0.9124218374218375
repeat-explore recall 0.1332305950803129 0.09334306688300022
repeat-explore hit: 0.19691902789249272 0.23454166412958835
0 0.14438141825809228
1 0.13825839408963683
2 0.1422866883285804
basket size: 20
recall, ndcg, hit: 0.14164216689210318 0.11282832477212469 0.39405964405964405
repeat-explore ratio: 0.0674843674843675 0.9325156325156326
repeat-explore recall 0.17007154840858685 0.11997887869543598
repeat-explore hit: 0.2561770800165586 0.3245102832205654
Evaluating g-p-gp-topfreq performance...
0 0.0371425388819659
1 0.038361625742253304
2 0.041200758970199626
basket size: 5
recall, ndcg, hit: 0.03890164119813961 0.05210321949360233 0.18341670456268
repeat-explore ratio: 0.10507806578747915 0.8949219342125208
repeat-explore recall 0.07601170928443234 0.03382175764801071
repeat-explore hit: 0.11095357284010154 0.14176529942041963
0 0.04598659891975035
1 0.047318635586029854
2 0.04901755815807657
basket size: 10
recall, ndcg, hit: 0.04744093088795226 0.05704955733006711 0.2188873730483553
repeat-explore ratio: 0.0781718963165075 0.9218281036834926
repeat-explore recall 0.09491048250756635 0.040688962608941524
repeat-explore hit: 0.13827432178295662 0.1685979186500092
0 0.06666849934216221
1 0.054124183919365805
2 0.060718173889558996
basket size: 10
recall, ndcg, hit: 0.060503619050362334 0.06652372173340758 0.2233333333333333
repeat-explore ratio: 0.10625 0.8937500000000002
repeat-explore recall 0.09943140714730943 0.04544182807694374
repeat-explore hit: 0.1654942410629992 0.1653203588913088
0 0.1103828615439783
1 0.08519118651456385
2 0.10310348699836283
basket size: 20
recall, ndcg, hit: 0.09955917835230166 0.08029461361040907 0.32
repeat-explore ratio: 0.08166666666666668 0.9183333333333333
repeat-explore recall 0.1460953877580928 0.07971652724937918
repeat-explore hit: 0.24154260569272887 0.241814555515387
0 0.045148386049663064
1 0.046081978216064655
2 0.04683292722339873
basket size: 8
recall, ndcg, hit: 0.04602109716304215 0.04728293227039235 0.2174197773411919
repeat-explore ratio: 0.07328503601833662 0.9267149639816634
repeat-explore recall 0.09420580247142646 0.039669956896480264
repeat-explore hit: 0.13729584645021256 0.16893810954830668
0 0.056088424236754295
1 0.055975131613638485
2 0.05773492361164267
basket size: 15
recall, ndcg, hit: 0.05659949315401181 0.052289183960033896 0.26146037982973147
repeat-explore ratio: 0.05750927745033835 0.9424907225496617
repeat-explore recall 0.11313641387643177 0.049354926104349446
repeat-explore hit: 0.1636404532224016 0.20801218227490323
0 0.0802313873265241
1 0.07263381659258371
2 0.08154599399256665
basket size: 10
recall, ndcg, hit: 0.07813706597055815 0.08248603307902325 0.24555074555074555
repeat-explore ratio: 0.10913900913900913 0.890860990860991
repeat-explore recall 0.12852724897955622 0.053946180336509254
repeat-explore hit: 0.19623311860628187 0.17024452592124595
0 0.10570990430727363
1 0.10007331267682644
2 0.10619180746834166
basket size: 20
recall, ndcg, hit: 0.10399167481748058 0.09177205404542928 0.3255170755170755
repeat-explore ratio: 0.08434343434343435 0.9156565656565657
repeat-explore recall 0.16417824886366836 0.07507480171449088
repeat-explore hit: 0.2527402723680483 0.23679005571587816
Evaluating tifuknn performance...
0 0.06176006803564783
1 0.06032269357644528
2 0.06028020410694352
basket size: 5
recall, ndcg, hit: 0.06078765523967888 0.07035237537621623 0.26421100500227374
repeat-explore ratio: 0.972927088070335 0.027072911929665
repeat-explore recall 0.4636152920963627 0.002154798534307567
repeat-explore hit: 0.5722488095030283 0.008231027917241646
0 0.09169973955103558
1 0.09503209513441437
2 0.09091488194489558
basket size: 10
recall, ndcg, hit: 0.09254890554344852 0.08808517159077799 0.36971350613915416
repeat-explore ratio: 0.8832651205093224 0.11673487949067757
repeat-explore recall 0.6758485427435512 0.008570407048048009
repeat-explore hit: 0.7606775139958887 0.03490823597508736
0 0.12486747370362945
1 0.1200091988392298
2 0.1102902987617951
basket size: 10
recall, ndcg, hit: 0.11838899043488478 0.09975638520695022 0.37333333333333335
repeat-explore ratio: 0.9202500000000001 0.07974999999999999
repeat-explore recall 0.5638980641954827 0.010987465476609462
repeat-explore hit: 0.6979330570839047 0.02291451740424944
0 0.18446881691849426
1 0.17048965906093266
2 0.16389432604348766
basket size: 20
recall, ndcg, hit: 0.1729509340076382 0.12092898814679572 0.49583333333333335
repeat-explore ratio: 0.783375 0.21662499999999998
repeat-explore recall 0.7642764722086538 0.03621163628761157
repeat-explore hit: 0.8632160371038794 0.08624112005596167
0 0.08125880613601635
1 0.07566653767537854
2 0.08369271936315159
basket size: 8
recall, ndcg, hit: 0.08020602105818216 0.07897787012653094 0.33087753765553374
repeat-explore ratio: 0.9145587753765554 0.08544122462344467
repeat-explore recall 0.6287624049805113 0.005928576379238894
repeat-explore hit: 0.7207966866495273 0.02544735580440771
0 0.1162883040338836
1 0.11274683758721085
2 0.11718096627232187
basket size: 15
recall, ndcg, hit: 0.11540536929780544 0.09587876559415598 0.4412246234446628
repeat-explore ratio: 0.7660663610565379 0.2339336389434621
repeat-explore recall 0.8354978914858077 0.017713232734673793
repeat-explore hit: 0.8868105124901552 0.07781998077419051
0 0.12907910271775466
1 0.12007778838449557
2 0.11850204888448854
basket size: 10
recall, ndcg, hit: 0.12255297999557958 0.0998303429152283 0.39057239057239057
repeat-explore ratio: 0.9268759018759019 0.07312409812409813
repeat-explore recall 0.563801299782593 0.012988582888783101
repeat-explore hit: 0.7107379033374231 0.02370314917216546
0 0.1916306018308691
1 0.18184284685831054
2 0.17563709739228
basket size: 20
recall, ndcg, hit: 0.18303684869381986 0.12288093463598522 0.5173160173160173
repeat-explore ratio: 0.7963143338143338 0.2036856661856662
repeat-explore recall 0.7682388880053715 0.040444913727167735
repeat-explore hit: 0.8810403377917037 0.08113223769066691
Evaluating upcf performance...
0 0.056602190947347836
1 0.06114728457838963
2 0.05590954697366702
basket size: 5
recall, ndcg, hit: 0.057886340833134826 0.0668968133843789 0.2514779445202365
repeat-explore ratio: 0.972927088070335 0.027072911929665
repeat-explore recall 0.44388554832089083 0.0005263996110678033
repeat-explore hit: 0.5561488937600266 0.0019835681734995236
0 0.08794860841245561
1 0.0913563294872981
2 0.0841239983804786
basket size: 10
recall, ndcg, hit: 0.08780964542674412 0.08369205786657756 0.3521297559496741
repeat-explore ratio: 0.8832651205093224 0.11673487949067757
repeat-explore recall 0.6645725058742353 0.003282985745519267
repeat-explore hit: 0.7599211384676199 0.013723440549900365
0 0.11014403653807583
1 0.112302449252051
2 0.10612315063450266
basket size: 10
recall, ndcg, hit: 0.10952321214154316 0.09459670616788397 0.3625
repeat-explore ratio: 0.9202500000000001 0.07974999999999999
repeat-explore recall 0.5500943076566068 0.0034728264073703124
repeat-explore hit: 0.7063605674676534 0.007036330005221911
0 0.15890628544326574
1 0.1471843777674354
2 0.14509689095348208
basket size: 20
recall, ndcg, hit: 0.15039585138806108 0.11127096054658292 0.45916666666666667
repeat-explore ratio: 0.7817916666666668 0.21820833333333334
repeat-explore recall 0.7476641968099367 0.013709920289205445
repeat-explore hit: 0.8598841625939149 0.034301909769677445
0 0.07399237959159376
1 0.07148725537723573
2 0.07545524356673669
basket size: 8
recall, ndcg, hit: 0.07364495951185539 0.07357187828637272 0.30320890635232484
repeat-explore ratio: 0.9145587753765554 0.08544122462344467
repeat-explore recall 0.5962656920884261 0.0018810893785850917
repeat-explore hit: 0.6926304169398905 0.00788039897192854
0 0.10380992070579496
1 0.10016674958963759
2 0.10282381065779887
basket size: 15
recall, ndcg, hit: 0.10226682698441047 0.08733764634782525 0.3885068762278978
repeat-explore ratio: 0.7660663610565379 0.2339336389434621
repeat-explore recall 0.804401809673858 0.0068180860451951646
repeat-explore hit: 0.8608430714643834 0.028731185508040807
0 0.1234907479310351
1 0.11337107195087716
2 0.10979814594521405
basket size: 10
recall, ndcg, hit: 0.11555332194237543 0.09818206650816014 0.3796296296296296
repeat-explore ratio: 0.9267797017797017 0.07322029822029823
repeat-explore recall 0.5555644748629799 0.0035755700735275613
repeat-explore hit: 0.7152845788378407 0.00810756903009321
0 0.1653688304279806
1 0.15461630201607565
2 0.14754364563202188
basket size: 20
recall, ndcg, hit: 0.15584292602535937 0.11524348336955831 0.4737854737854738
repeat-explore ratio: 0.7952200577200577 0.20477994227994226
repeat-explore recall 0.7548732220713147 0.01118914485777705
repeat-explore hit: 0.867010934049432 0.0323215966780021
Evaluating dnntsp performance...
0 0.06141247464576251
1 0.06810139988857589
2 0.07063964533268763
basket size: 5
recall, ndcg, hit: 0.06671783995567533 0.0746677126176613 0.29755949674094284
repeat-explore ratio: 0.6850992875549492 0.31490071244505075
repeat-explore recall 0.3733884367729674 0.02187320295490951
repeat-explore hit: 0.48375706092765053 0.09465555836835472
0 0.0947497288220344
1 0.10311769353379177
2 0.10015470104146776
basket size: 10
recall, ndcg, hit: 0.09934070779909798 0.09282725892817252 0.3983628922237381
repeat-explore ratio: 0.5880097013794149 0.41199029862058517
repeat-explore recall 0.5292423359243038 0.035524102081059356
repeat-explore hit: 0.6415363151371595 0.14450572414452634
0 0.08191114106707324
1 0.07022932498143412
2 0.07899820974962346
basket size: 10
recall, ndcg, hit: 0.07704622526604361 0.07139594258987213 0.29
repeat-explore ratio: 0.5433333333333333 0.4566666666666666
repeat-explore recall 0.3078277186038287 0.026360656346194517
repeat-explore hit: 0.44814883120925725 0.0834955016121305
0 0.10370203841273248
1 0.09373008563573848
2 0.09902329888536703
basket size: 20
recall, ndcg, hit: 0.09881847431127933 0.08000160361125036 0.35083333333333333
repeat-explore ratio: 0.3838333333333333 0.6161666666666666
repeat-explore recall 0.3808278704687586 0.03608466318522232
repeat-explore hit: 0.5369460435392909 0.10987213174501004
0 0.08649078491907568
1 0.08343796156910106
2 0.08585847954708464
basket size: 8
recall, ndcg, hit: 0.08526240867842046 0.0821010087069695 0.3608382449246889
repeat-explore ratio: 0.6215618860510805 0.37843811394891946
repeat-explore recall 0.5094397076853586 0.02804710539851568
repeat-explore hit: 0.6168538793354211 0.1195198560247203
0 0.1167830600419009
1 0.11712219373073988
2 0.11869014662482245
basket size: 15
recall, ndcg, hit: 0.11753180013248775 0.09748666802747448 0.44679109364767516
repeat-explore ratio: 0.4665138616022703 0.5334861383977297
repeat-explore recall 0.6287597167399378 0.047859728614034404
repeat-explore hit: 0.7262670984545451 0.18617479963682784
0 0.15878999794229431
1 0.15098764332937137
2 0.146490976450415
basket size: 10
recall, ndcg, hit: 0.15208953924069357 0.1291835968245365 0.45851370851370854
repeat-explore ratio: 0.7260702260702261 0.27392977392977397
repeat-explore recall 0.5492871165302363 0.051776010969877696
repeat-explore hit: 0.7165675618736769 0.12460927771579988
0 0.21472990138270645
1 0.20472399990108256
2 0.20086863208936795
basket size: 20
recall, ndcg, hit: 0.20677417779105234 0.1513022958257819 0.5615680615680616
repeat-explore ratio: 0.5909511784511784 0.40904882154882155
repeat-explore recall 0.7002411657105448 0.0857032649975396
repeat-explore hit: 0.8323350215375905 0.20916018026175864
Performance evaluation completed.
Generating comparison table...
Found 7 result files:
  - ./eval_g-p-gp-topfreq_results.txt
  - ./eval_upcf_results.txt
  - ./eval_dream_results.txt
  - ./eval_beacon_results.txt
  - ./eval_tifuknn_results.txt
  - ./eval_dnntsp_results.txt
  - ./eval_clea_results.txt
Parsed g-p-gp-topfreq: ['drugstore', 'ecommerce', 'fashion', 'original']
Parsed upcf: ['drugstore', 'ecommerce', 'fashion', 'original']
Parsed dream: ['drugstore', 'ecommerce', 'fashion', 'original']
Parsed beacon: ['drugstore', 'ecommerce', 'fashion', 'original']
Parsed tifuknn: ['drugstore', 'ecommerce', 'fashion', 'original']
Parsed dnntsp: ['drugstore', 'ecommerce', 'fashion', 'original']
Parsed clea: ['drugstore']
Generated comparison table: ./comparison_table.md
Comparison table generated: evaluation/comparison_table.md
