Setting up Sets2Sets environment...
Activating virtual environment and installing dependencies...
Installing dependencies...
Requirement already satisfied: pip in /home/arkastor/miniconda3/envs/venv-sets2sets/lib/python3.8/site-packages (25.0.1)
Collecting numpy==1.24.4
  Using cached numpy-1.24.4-cp38-cp38-manylinux_2_17_x86_64.manylinux2014_x86_64.whl.metadata (5.6 kB)
Collecting tqdm==4.66.4
  Downloading tqdm-4.66.4-py3-none-any.whl.metadata (57 kB)
Requirement already satisfied: six==1.17.0 in /home/arkastor/miniconda3/envs/venv-sets2sets/lib/python3.8/site-packages (1.17.0)
Collecting pillow==10.4.0
  Using cached pillow-10.4.0-cp38-cp38-manylinux_2_28_x86_64.whl.metadata (9.2 kB)
Requirement already satisfied: certifi in /home/arkastor/miniconda3/envs/venv-sets2sets/lib/python3.8/site-packages (2021.5.30)
Using cached numpy-1.24.4-cp38-cp38-manylinux_2_17_x86_64.manylinux2014_x86_64.whl (17.3 MB)
Downloading tqdm-4.66.4-py3-none-any.whl (78 kB)
Using cached pillow-10.4.0-cp38-cp38-manylinux_2_28_x86_64.whl (4.5 MB)
Installing collected packages: tqdm, pillow, numpy
  Attempting uninstall: tqdm
    Found existing installation: tqdm 4.19.9
    Uninstalling tqdm-4.19.9:
      Successfully uninstalled tqdm-4.19.9
  Attempting uninstall: pillow
    Found existing installation: Pillow 8.4.0
    Uninstalling Pillow-8.4.0:
      Successfully uninstalled Pillow-8.4.0
  Attempting uninstall: numpy
    Found existing installation: numpy 1.19.5
    Uninstalling numpy-1.19.5:
      Successfully uninstalled numpy-1.19.5
Successfully installed numpy-1.22.3 pillow-10.2.0 tqdm-4.66.4
Installing PyTorch (CPU) for Sets2Sets...
Looking in indexes: https://download.pytorch.org/whl/cpu
Requirement already satisfied: torch==2.1.0 in /home/arkastor/miniconda3/envs/venv-sets2sets/lib/python3.8/site-packages (2.1.0+cu121)
Requirement already satisfied: torchvision==0.16.0 in /home/arkastor/miniconda3/envs/venv-sets2sets/lib/python3.8/site-packages (0.16.0+cu121)
Requirement already satisfied: filelock in /home/arkastor/miniconda3/envs/venv-sets2sets/lib/python3.8/site-packages (from torch==2.1.0) (3.13.1)
Requirement already satisfied: typing-extensions in /home/arkastor/miniconda3/envs/venv-sets2sets/lib/python3.8/site-packages (from torch==2.1.0) (4.12.2)
Requirement already satisfied: sympy in /home/arkastor/miniconda3/envs/venv-sets2sets/lib/python3.8/site-packages (from torch==2.1.0) (1.13.3)
Requirement already satisfied: networkx in /home/arkastor/miniconda3/envs/venv-sets2sets/lib/python3.8/site-packages (from torch==2.1.0) (3.0)
Requirement already satisfied: jinja2 in /home/arkastor/miniconda3/envs/venv-sets2sets/lib/python3.8/site-packages (from torch==2.1.0) (3.1.4)
Requirement already satisfied: fsspec in /home/arkastor/miniconda3/envs/venv-sets2sets/lib/python3.8/site-packages (from torch==2.1.0) (2024.6.1)
Requirement already satisfied: triton==2.1.0 in /home/arkastor/miniconda3/envs/venv-sets2sets/lib/python3.8/site-packages (from torch==2.1.0) (2.1.0)
Requirement already satisfied: numpy in /home/arkastor/miniconda3/envs/venv-sets2sets/lib/python3.8/site-packages (from torchvision==0.16.0) (1.22.3)
Requirement already satisfied: requests in /home/arkastor/miniconda3/envs/venv-sets2sets/lib/python3.8/site-packages (from torchvision==0.16.0) (2.28.1)
Requirement already satisfied: pillow!=8.3.*,>=5.3.0 in /home/arkastor/miniconda3/envs/venv-sets2sets/lib/python3.8/site-packages (from torchvision==0.16.0) (10.2.0)
Requirement already satisfied: MarkupSafe>=2.0 in /home/arkastor/miniconda3/envs/venv-sets2sets/lib/python3.8/site-packages (from jinja2->torch==2.1.0) (2.1.5)
Requirement already satisfied: charset-normalizer<3,>=2 in /home/arkastor/miniconda3/envs/venv-sets2sets/lib/python3.8/site-packages (from requests->torchvision==0.16.0) (2.1.1)
Requirement already satisfied: idna<4,>=2.5 in /home/arkastor/miniconda3/envs/venv-sets2sets/lib/python3.8/site-packages (from requests->torchvision==0.16.0) (3.4)
Requirement already satisfied: urllib3<1.27,>=1.21.1 in /home/arkastor/miniconda3/envs/venv-sets2sets/lib/python3.8/site-packages (from requests->torchvision==0.16.0) (1.26.13)
Requirement already satisfied: certifi>=2017.4.17 in /home/arkastor/miniconda3/envs/venv-sets2sets/lib/python3.8/site-packages (from requests->torchvision==0.16.0) (2021.5.30)
Requirement already satisfied: mpmath<1.4,>=1.1.0 in /home/arkastor/miniconda3/envs/venv-sets2sets/lib/python3.8/site-packages (from sympy->torch==2.1.0) (1.3.0)
Running Sets2Sets method...
Found existing models for drugstore fold 0; skipping training.
Predicting with Sets2Sets for drugstore fold 0
Saved predictions to /home/arkastor/Development/A-Next-Basket-Recommendation-Reality-Check/methods/sets2sets/drugstore_pred0.json
Found existing models for drugstore fold 1; skipping training.
Predicting with Sets2Sets for drugstore fold 1
Saved predictions to /home/arkastor/Development/A-Next-Basket-Recommendation-Reality-Check/methods/sets2sets/drugstore_pred1.json
Found existing models for drugstore fold 2; skipping training.
Predicting with Sets2Sets for drugstore fold 2
Saved predictions to /home/arkastor/Development/A-Next-Basket-Recommendation-Reality-Check/methods/sets2sets/drugstore_pred2.json
Found existing models for ecommerce fold 0; skipping training.
Predicting with Sets2Sets for ecommerce fold 0
Saved predictions to /home/arkastor/Development/A-Next-Basket-Recommendation-Reality-Check/methods/sets2sets/ecommerce_pred0.json
Found existing models for ecommerce fold 1; skipping training.
Predicting with Sets2Sets for ecommerce fold 1
Saved predictions to /home/arkastor/Development/A-Next-Basket-Recommendation-Reality-Check/methods/sets2sets/ecommerce_pred1.json
Found existing models for ecommerce fold 2; skipping training.
Predicting with Sets2Sets for ecommerce fold 2
Saved predictions to /home/arkastor/Development/A-Next-Basket-Recommendation-Reality-Check/methods/sets2sets/ecommerce_pred2.json
Found existing models for fashion fold 0; skipping training.
Predicting with Sets2Sets for fashion fold 0
Saved predictions to /home/arkastor/Development/A-Next-Basket-Recommendation-Reality-Check/methods/sets2sets/fashion_pred0.json
Found existing models for fashion fold 1; skipping training.
Predicting with Sets2Sets for fashion fold 1
Saved predictions to /home/arkastor/Development/A-Next-Basket-Recommendation-Reality-Check/methods/sets2sets/fashion_pred1.json
Found existing models for fashion fold 2; skipping training.
Predicting with Sets2Sets for fashion fold 2
Saved predictions to /home/arkastor/Development/A-Next-Basket-Recommendation-Reality-Check/methods/sets2sets/fashion_pred2.json
Found existing models for original fold 0; skipping training.
Predicting with Sets2Sets for original fold 0
Saved predictions to /home/arkastor/Development/A-Next-Basket-Recommendation-Reality-Check/methods/sets2sets/original_pred0.json
Found existing models for original fold 1; skipping training.
Predicting with Sets2Sets for original fold 1
Saved predictions to /home/arkastor/Development/A-Next-Basket-Recommendation-Reality-Check/methods/sets2sets/original_pred1.json
Found existing models for original fold 2; skipping training.
Predicting with Sets2Sets for original fold 2
Saved predictions to /home/arkastor/Development/A-Next-Basket-Recommendation-Reality-Check/methods/sets2sets/original_pred2.json
Sets2Sets method completed.
